// Jest Snapshot v1, https://goo.gl/fbAQLP

exports[`Testing CoinsListTable component Renders CoinsListTable component correctly 1`] = `
<div>
  <div
    class="mantine-6hoaow"
  >
    <svg
      class="mantine-1avyp1d"
      height="36px"
      role="presentation"
      stroke="#228be6"
      viewBox="0 0 38 38"
      width="36px"
      xmlns="http://www.w3.org/2000/svg"
    >
      <g
        fill="none"
        fill-rule="evenodd"
      >
        <g
          stroke-width="5"
          transform="translate(2.5 2.5)"
        >
          <circle
            cx="16"
            cy="16"
            r="16"
            stroke-opacity=".5"
          />
          <path
            d="M32 16c0-9.94-8.06-16-16-16"
          >
            <animatetransform
              attributeName="transform"
              dur="1s"
              from="0 16 16"
              repeatCount="indefinite"
              to="360 16 16"
              type="rotate"
            />
          </path>
        </g>
      </g>
    </svg>
  </div>
</div>
`;
