// Jest Snapshot v1, https://goo.gl/fbAQLP

exports[`Testing CoinsListTable component Renders CoinsListTable component correctly 1`] = `
<div>
  <table
    class="mantine-Table-root mantine-udihb2"
    data-hover="true"
  >
    <thead>
      <tr>
        <th>
          #
        </th>
        <th>
          Name
        </th>
        <th>
          Change (24h)
        </th>
        <th>
          Price
        </th>
        <th>
          Market Cap
        </th>
        <th>
          Volume 24h
        </th>
      </tr>
    </thead>
    <tbody>
      <tr
        style="cursor: pointer;"
      >
        <td>
          1
        </td>
        <td>
          <div
            class="mantine-xg7kom"
          >
            <div
              class="mantine-Image-root mantine-wbcrf9"
              style="width: 2rem;"
            >
              <figure
                class="mantine-11nhzn5 mantine-Image-figure"
              >
                <div
                  class="mantine-qqmv3w mantine-Image-imageWrapper"
                >
                  <img
                    alt="Bitcoin"
                    class="mantine-3y8yz3 mantine-Image-image"
                    src="https://static.coinstats.app/coins/1650455588819.png"
                    style="object-fit: cover; width: 2rem; height: auto;"
                  />
                </div>
              </figure>
            </div>
            <div
              class="mantine-Text-root mantine-qdrdlf"
            >
              Bitcoin
            </div>
            <div
              class="mantine-Text-root mantine-re18hr"
            >
              BTC
            </div>
          </div>
        </td>
        <td>
          <div>
            <div
              class="mantine-Badge-root mantine-gsj07c"
            >
              <span
                class="mantine-h9iq4m mantine-Badge-inner"
              >
                ▼
                -0.15
                %
              </span>
            </div>
          </div>
        </td>
        <td>
          <div
            class="mantine-Text-root mantine-1bk40a"
          >
            $22,959.00
          </div>
        </td>
        <td>
          <div
            class="mantine-Text-root mantine-1pbxw0k"
          >
            $
            442.8B
          </div>
        </td>
        <td>
          <div
            class="mantine-Text-root mantine-1pbxw0k"
          >
            $
            36.4B
          </div>
        </td>
      </tr>
      <tr
        style="cursor: pointer;"
      >
        <td>
          2
        </td>
        <td>
          <div
            class="mantine-xg7kom"
          >
            <div
              class="mantine-Image-root mantine-wbcrf9"
              style="width: 2rem;"
            >
              <figure
                class="mantine-11nhzn5 mantine-Image-figure"
              >
                <div
                  class="mantine-qqmv3w mantine-Image-imageWrapper"
                >
                  <img
                    alt="Ethereum"
                    class="mantine-3y8yz3 mantine-Image-image"
                    src="https://static.coinstats.app/coins/1633034449328.png"
                    style="object-fit: cover; width: 2rem; height: auto;"
                  />
                </div>
              </figure>
            </div>
            <div
              class="mantine-Text-root mantine-qdrdlf"
            >
              Ethereum
            </div>
            <div
              class="mantine-Text-root mantine-re18hr"
            >
              ETH
            </div>
          </div>
        </td>
        <td>
          <div>
            <div
              class="mantine-Badge-root mantine-gsj07c"
            >
              <span
                class="mantine-h9iq4m mantine-Badge-inner"
              >
                ▼
                -0.24
                %
              </span>
            </div>
          </div>
        </td>
        <td>
          <div
            class="mantine-Text-root mantine-1bk40a"
          >
            $1,727.00
          </div>
        </td>
        <td>
          <div
            class="mantine-Text-root mantine-1pbxw0k"
          >
            $
            199.6B
          </div>
        </td>
        <td>
          <div
            class="mantine-Text-root mantine-1pbxw0k"
          >
            $
            18.3B
          </div>
        </td>
      </tr>
    </tbody>
  </table>
</div>
`;
