// Jest Snapshot v1, https://goo.gl/fbAQLP

exports[`Testing CoinsListTable component Renders CoinsListTable component correctly 1`] = `
<div>
  <div
    class="mantine-Container-root mantine-sz575t"
  >
    <div
      class="mantine-11ol2j9"
    >
      <h1
        class="mantine-Text-root mantine-Title-root mantine-10wkz9q"
      >
        Best Coin Price Tracker in the Market
      </h1>
      <div
        class="mantine-Text-root mantine-1pbxw0k"
      >
        With CoinStats, you can manage all your crypto assets from one interface.
      </div>
    </div>
    <div
      class="mantine-InputWrapper-root mantine-TextInput-root mantine-1m3pqry"
    >
      <div
        class="mantine-Input-wrapper mantine-TextInput-wrapper mantine-12sbrde"
      >
        <input
          aria-invalid="false"
          class="mantine-Input-input mantine-TextInput-input mantine-ywb7zt"
          id="mantine-r0"
          placeholder="Search crypto"
          type="text"
        />
        <div
          class="mantine-1n9cu5e mantine-Input-rightSection mantine-TextInput-rightSection"
        >
          <div />
        </div>
      </div>
    </div>
    <div
      class="mantine-6hoaow"
    >
      <svg
        class="mantine-1avyp1d"
        height="36px"
        role="presentation"
        stroke="#228be6"
        viewBox="0 0 38 38"
        width="36px"
        xmlns="http://www.w3.org/2000/svg"
      >
        <g
          fill="none"
          fill-rule="evenodd"
        >
          <g
            stroke-width="5"
            transform="translate(2.5 2.5)"
          >
            <circle
              cx="16"
              cy="16"
              r="16"
              stroke-opacity=".5"
            />
            <path
              d="M32 16c0-9.94-8.06-16-16-16"
            >
              <animatetransform
                attributeName="transform"
                dur="1s"
                from="0 16 16"
                repeatCount="indefinite"
                to="360 16 16"
                type="rotate"
              />
            </path>
          </g>
        </g>
      </svg>
    </div>
  </div>
</div>
`;
